Archive member included because of file (symbol)

/opt/freescale/usr/local/gcc-4.6.2-glibc-2.13-linaro-multilib-2011.12/fsl-linaro-toolchain/bin/../lib/gcc/arm-fsl-linux-gnueabi/4.6.2/armv7-a/default/libgcc.a(_udivsi3.o)
                              arch/arm/cpu/armv7/built-in.o (__aeabi_uidiv)
/opt/freescale/usr/local/gcc-4.6.2-glibc-2.13-linaro-multilib-2011.12/fsl-linaro-toolchain/bin/../lib/gcc/arm-fsl-linux-gnueabi/4.6.2/armv7-a/default/libgcc.a(_divsi3.o)
                              common/built-in.o (__aeabi_idiv)
/opt/freescale/usr/local/gcc-4.6.2-glibc-2.13-linaro-multilib-2011.12/fsl-linaro-toolchain/bin/../lib/gcc/arm-fsl-linux-gnueabi/4.6.2/armv7-a/default/libgcc.a(_lshrdi3.o)
                              fs/built-in.o (__aeabi_llsr)
/opt/freescale/usr/local/gcc-4.6.2-glibc-2.13-linaro-multilib-2011.12/fsl-linaro-toolchain/bin/../lib/gcc/arm-fsl-linux-gnueabi/4.6.2/armv7-a/default/libgcc.a(_ashldi3.o)
                              drivers/mmc/built-in.o (__aeabi_llsl)
/opt/freescale/usr/local/gcc-4.6.2-glibc-2.13-linaro-multilib-2011.12/fsl-linaro-toolchain/bin/../lib/gcc/arm-fsl-linux-gnueabi/4.6.2/armv7-a/default/libgcc.a(_dvmd_lnx.o)
                              /opt/freescale/usr/local/gcc-4.6.2-glibc-2.13-linaro-multilib-2011.12/fsl-linaro-toolchain/bin/../lib/gcc/arm-fsl-linux-gnueabi/4.6.2/armv7-a/default/libgcc.a(_udivsi3.o) (__aeabi_idiv0)

Discarded input sections

 .data          0x00000000        0x0 arch/arm/cpu/armv7/start.o
 .bss           0x00000000        0x0 arch/arm/cpu/armv7/start.o
 .text.v7_outer_cache_flush_all
                0x00000000        0x4 arch/arm/cpu/armv7/built-in.o
 .text.v7_outer_cache_inval_all
                0x00000000        0x4 arch/arm/cpu/armv7/built-in.o
 .text.v7_outer_cache_flush_range
                0x00000000        0x4 arch/arm/cpu/armv7/built-in.o
 .text.v7_outer_cache_inval_range
                0x00000000        0x4 arch/arm/cpu/armv7/built-in.o
 .text.v7_arch_cp15_set_l2aux_ctrl
                0x00000000        0x8 arch/arm/cpu/armv7/built-in.o
 .text.v7_arch_cp15_set_acr
                0x00000000        0x8 arch/arm/cpu/armv7/built-in.o
 .text.sdelay   0x00000000        0xc arch/arm/cpu/armv7/built-in.o
 .text.wait_on_value
                0x00000000       0x34 arch/arm/cpu/armv7/built-in.o
 .text.get_boot_device
                0x00000000       0x9c arch/arm/cpu/armv7/built-in.o
 .text.enable_enet_pll
                0x00000000       0x7c arch/arm/cpu/armv7/built-in.o
 .text.enable_enet_clk
                0x00000000       0x24 arch/arm/cpu/armv7/built-in.o
 .text.enable_uart_clk
                0x00000000       0x24 arch/arm/cpu/armv7/built-in.o
 .text.enable_usdhc_clk
                0x00000000       0x4c arch/arm/cpu/armv7/built-in.o
 .text.enable_spi_clk
                0x00000000       0x44 arch/arm/cpu/armv7/built-in.o
 .text.enable_sata_clock
                0x00000000       0x1c arch/arm/cpu/armv7/built-in.o
 .text.disable_sata_clock
                0x00000000       0x18 arch/arm/cpu/armv7/built-in.o
 .text.enable_pcie_clock
                0x00000000       0x70 arch/arm/cpu/armv7/built-in.o
 .data          0x00000000        0x0 arch/arm/cpu/armv7/built-in.o
 .bss           0x00000000        0x0 arch/arm/cpu/armv7/built-in.o
 .text          0x00000000        0x0 arch/arm/imx-common/built-in.o
 .text.get_imx_reset_cause
                0x00000000       0x10 arch/arm/imx-common/built-in.o
 .text.set_chipselect_size
                0x00000000       0x80 arch/arm/imx-common/built-in.o
 .text.mxs_wait_mask_set
                0x00000000       0x40 arch/arm/imx-common/built-in.o
 .text.mxs_wait_mask_clr
                0x00000000       0x3c arch/arm/imx-common/built-in.o
 .text.mxs_reset_block
                0x00000000       0x98 arch/arm/imx-common/built-in.o
 .text.detect_hdmi
                0x00000000       0x14 arch/arm/imx-common/built-in.o
 .text.usec2ticks
                0x00000000       0x58 arch/arm/imx-common/built-in.o
 .data          0x00000000        0x0 arch/arm/imx-common/built-in.o
 .bss           0x00000000        0x0 arch/arm/imx-common/built-in.o
 .text.reset_misc
                0x00000000        0x4 arch/arm/lib/built-in.o
 .text.flush_cache
                0x00000000        0x4 arch/arm/lib/built-in.o
 .text.flush_dcache_all
                0x00000000        0xc arch/arm/lib/built-in.o
 .text.enable_caches
                0x00000000        0xc arch/arm/lib/built-in.o
 .text.arm_init_before_mmu
                0x00000000        0x4 arch/arm/lib/built-in.o
 .text.mmu_page_table_flush
                0x00000000        0x4 arch/arm/lib/built-in.o
 .rodata.pl310  0x00000000        0x4 arch/arm/lib/built-in.o
 .data          0x00000000        0x0 arch/arm/lib/built-in.o
 .__secure_start
                0x00000000        0x0 arch/arm/lib/built-in.o
 .__secure_end  0x00000000        0x0 arch/arm/lib/built-in.o
 .bss           0x00000000        0x0 arch/arm/lib/built-in.o
[...]
Memory Configuration

Name             Origin             Length             Attributes
*default*        0x00000000         0xffffffff

Linker script and memory map

Address of section .text set to 0x17800000
                0x00000000                . = 0x0
                0x00000000                . = ALIGN (0x4)

.text           0x17800000    0x3e094
 *(.__image_copy_start)
 .__image_copy_start
                0x17800000        0x0 arch/arm/lib/built-in.o
                0x17800000                __image_copy_start
 *(.vectors)
 .vectors       0x17800000      0x300 arch/arm/lib/built-in.o
                0x17800000                _start
                0x17800020                _undefined_instruction
                0x17800024                _software_interrupt
                0x17800028                _prefetch_abort
                0x1780002c                _data_abort
                0x17800030                _not_used
                0x17800034                _irq
                0x17800038                _fiq
                0x17800040                IRQ_STACK_START_IN
 arch/arm/cpu/armv7/start.o(.text*)
 .text          0x17800300       0xec arch/arm/cpu/armv7/start.o
                0x17800300                reset
                0x17800304                save_boot_params_ret
                0x17800340                c_runtime_cpu_setup
                0x17800350                save_boot_params
                0x17800354                cpu_init_cp15
                0x178003e4                cpu_init_crit
 *(.text*)
 .text          0x178003ec       0x1c arch/arm/cpu/armv7/built-in.o
                0x178003ec                lowlevel_init
 .text.v7_maint_dcache_all
                0x17800408       0xe8 arch/arm/cpu/armv7/built-in.o
 .text.v7_dcache_maint_range
                0x178004f0       0xc8 arch/arm/cpu/armv7/built-in.o
 .text.invalidate_icache_all
                0x178005b8       0x18 arch/arm/cpu/armv7/built-in.o
                0x178005b8                invalidate_icache_all
 .text.v7_outer_cache_enable
                0x178005d0       0x68 arch/arm/cpu/armv7/built-in.o
                0x178005d4                v7_outer_cache_enable
 .text.v7_outer_cache_disable
                0x17800638       0x1c arch/arm/cpu/armv7/built-in.o
                0x1780063c                v7_outer_cache_disable
 .text.flush_dcache_all
                0x17800654       0x14 arch/arm/cpu/armv7/built-in.o
                0x17800654                flush_dcache_all
 .text.invalidate_dcache_all
                0x17800668       0x14 arch/arm/cpu/armv7/built-in.o
                0x17800668                invalidate_dcache_all
 .text.arm_init_before_mmu
                0x1780067c       0x28 arch/arm/cpu/armv7/built-in.o
                0x1780067c                arm_init_before_mmu
 .text.flush_dcache_range
                0x178006a4       0x24 arch/arm/cpu/armv7/built-in.o
                0x178006a4                flush_dcache_range
 .text.flush_cache
                0x178006c8        0x8 arch/arm/cpu/armv7/built-in.o
                0x178006c8                flush_cache
 .text.mmu_page_table_flush
                0x178006d0       0x24 arch/arm/cpu/armv7/built-in.o
                0x178006d0                mmu_page_table_flush
 .text.invalidate_dcache_range
                0x178006f4       0x24 arch/arm/cpu/armv7/built-in.o
                0x178006f4                invalidate_dcache_range
 .text.cpu_cache_initialization
                0x17800718        0x4 arch/arm/cpu/armv7/built-in.o
                0x17800718                cpu_cache_initialization
 .text.cleanup_before_linux
                0x1780071c       0x28 arch/arm/cpu/armv7/built-in.o
                0x1780071c                cleanup_before_linux
 .text.set_ldo_voltage
                0x17800744       0xc0 arch/arm/cpu/armv7/built-in.o
 .text.get_nr_cpus
                0x17800804       0x10 arch/arm/cpu/armv7/built-in.o
                0x17800804                get_nr_cpus
 .text.get_cpu_rev
                0x17800814       0x70 arch/arm/cpu/armv7/built-in.o
                0x17800814                get_cpu_rev
 .text.get_board_rev
                0x17800884       0x34 arch/arm/cpu/armv7/built-in.o
                0x17800884                get_board_rev
 .text.init_aips
                0x178008b8       0x58 arch/arm/cpu/armv7/built-in.o
                0x178008b8                init_aips
 .text.arch_cpu_init
                0x17800910      0x1d0 arch/arm/cpu/armv7/built-in.o
                0x17800910                arch_cpu_init
 .text.board_postclk_init
                0x17800ae0       0x18 arch/arm/cpu/armv7/built-in.o
                0x17800ae0                board_postclk_init
 .text.enable_caches
                0x17800af8       0x34 arch/arm/cpu/armv7/built-in.o
                0x17800af8                enable_caches
 .text.imx_get_mac_from_fuse
                0x17800b2c       0x3c arch/arm/cpu/armv7/built-in.o
                0x17800b2c                imx_get_mac_from_fuse
 .text.boot_mode_apply
                0x17800b68       0x24 arch/arm/cpu/armv7/built-in.o
                0x17800b68                boot_mode_apply
 .text.s_init   0x17800b8c       0x90 arch/arm/cpu/armv7/built-in.o
                0x17800b8c                s_init
 .text.set_wdog_reset
                0x17800c1c       0x14 arch/arm/cpu/armv7/built-in.o
                0x17800c1c                set_wdog_reset
 .text.reset_misc
                0x17800c30        0x4 arch/arm/cpu/armv7/built-in.o
                0x17800c30                reset_misc
 .text.check_ldo_bypass
                0x17800c34       0x7c arch/arm/cpu/armv7/built-in.o
                0x17800c34                check_ldo_bypass
 .text.check_1_2G
                0x17800cb0       0x58 arch/arm/cpu/armv7/built-in.o
                0x17800cb0                check_1_2G
 .text.set_arm_freq_400M
                0x17800d08       0x2c arch/arm/cpu/armv7/built-in.o
                0x17800d08                set_arm_freq_400M
 .text.prep_anatop_bypass
                0x17800d34       0x3c arch/arm/cpu/armv7/built-in.o
                0x17800d34                prep_anatop_bypass
 .text.set_anatop_bypass
                0x17800d70       0x58 arch/arm/cpu/armv7/built-in.o
                0x17800d70                set_anatop_bypass
 .text.finish_anatop_bypass
                0x17800dc8       0x18 arch/arm/cpu/armv7/built-in.o
                0x17800dc8                finish_anatop_bypass
 .text.imx_enable_hdmi_phy
                0x17800de0       0x54 arch/arm/cpu/armv7/built-in.o
                0x17800de0                imx_enable_hdmi_phy
 .text.imx_setup_hdmi
                0x17800e34       0x70 arch/arm/cpu/armv7/built-in.o
                0x17800e34                imx_setup_hdmi
 .text.get_ipg_clk
                0x17800ea4       0x28 arch/arm/cpu/armv7/built-in.o
 .text.decode_pll.constprop.0
                0x17800ecc      0x180 arch/arm/cpu/armv7/built-in.o
 .text.get_uart_clk
                0x1780104c       0x34 arch/arm/cpu/armv7/built-in.o
 .text.mxc_get_pll_pfd
                0x17801080       0xa4 arch/arm/cpu/armv7/built-in.o
 .text.get_usdhc_clk
                0x17801124       0x90 arch/arm/cpu/armv7/built-in.o
 .text.enable_ocotp_clk
                0x178011b4       0x24 arch/arm/cpu/armv7/built-in.o
                0x178011b4                enable_ocotp_clk
 .text.enable_usboh3_clk
                0x178011d8       0x24 arch/arm/cpu/armv7/built-in.o
                0x178011d8                enable_usboh3_clk
 .text.enable_i2c_clk
                0x178011fc       0x48 arch/arm/cpu/armv7/built-in.o
                0x178011fc                enable_i2c_clk
 .text.get_periph_clk
                0x17801244       0xac arch/arm/cpu/armv7/built-in.o
                0x17801244                get_periph_clk
 .text.get_axi_clk
                0x178012f0       0x4c arch/arm/cpu/armv7/built-in.o
 .text.enable_fec_anatop_clock
                0x1780133c       0xa0 arch/arm/cpu/armv7/built-in.o
                0x1780133c                enable_fec_anatop_clock
 .text.imx_get_uartclk
                0x178013dc        0x4 arch/arm/cpu/armv7/built-in.o
                0x178013dc                imx_get_uartclk
 .text.enable_thermal_clk
                0x178013e0       0x48 arch/arm/cpu/armv7/built-in.o
                0x178013e0                enable_thermal_clk
 .text.mxc_get_clock
                0x17801428      0x190 arch/arm/cpu/armv7/built-in.o
                0x17801428                mxc_get_clock
 .text.do_mx6_showclocks
                0x178015b8      0x21c arch/arm/cpu/armv7/built-in.o
                0x178015b8                do_mx6_showclocks
 .text.imx_get_fecclk
                0x178017d4        0x8 arch/arm/cpu/armv7/built-in.o
                0x178017d4                imx_get_fecclk
 .text.enable_ipu_clock
                0x178017dc       0x18 arch/arm/cpu/armv7/built-in.o
                0x178017dc                enable_ipu_clock
 .text.cpu_reset
                0x178017f4       0x28 arch/arm/cpu/armv7/built-in.o
                0x178017f4                cpu_reset
 .text.cpu_status
                0x1780181c       0x40 arch/arm/cpu/armv7/built-in.o
                0x1780181c                cpu_status
 .text.cpu_release
                0x1780185c       0x80 arch/arm/cpu/armv7/built-in.o
                0x1780185c                cpu_release
 .text.is_core_valid
                0x178018dc       0x1c arch/arm/cpu/armv7/built-in.o
                0x178018dc                is_core_valid
 .text.cpu_disable
                0x178018f8       0x28 arch/arm/cpu/armv7/built-in.o
                0x178018f8                cpu_disable
 .text.imx_iomux_v3_setup_pad
                0x17801920       0xb8 arch/arm/imx-common/built-in.o
                0x17801920                imx_iomux_v3_setup_pad
 .text.imx_iomux_v3_setup_multiple_pads
                0x178019d8       0x2c arch/arm/imx-common/built-in.o
                0x178019d8                imx_iomux_v3_setup_multiple_pads
 .text.imx_iomux_set_gpr_register
                0x17801a04       0x40 arch/arm/imx-common/built-in.o
                0x17801a04                imx_iomux_set_gpr_register
 .text.imx_ddr_size
                0x17801a44       0x64 arch/arm/imx-common/built-in.o
                0x17801a44                imx_ddr_size
 .text.get_imx_type
                0x17801aa8       0x20 arch/arm/imx-common/built-in.o
                0x17801aa8                get_imx_type
 .text.print_cpuinfo
                0x17801ac8      0x1d8 arch/arm/imx-common/built-in.o
                0x17801ac8                print_cpuinfo
 .text.cpu_eth_init
                0x17801ca0        0x4 arch/arm/imx-common/built-in.o
                0x17801ca0                cpu_eth_init
 .text.cpu_mmc_init
                0x17801ca4        0x4 arch/arm/imx-common/built-in.o
                0x17801ca4                cpu_mmc_init
 .text.get_ahb_clk
                0x17801ca8       0x24 arch/arm/imx-common/built-in.o
                0x17801ca8                get_ahb_clk
 .text.arch_preboot_os
                0x17801ccc       0x14 arch/arm/imx-common/built-in.o
                0x17801ccc                arch_preboot_os
 .text.get_clocks
                0x17801ce0       0x1c arch/arm/imx-common/built-in.o
                0x17801ce0                get_clocks
 .text.force_idle_bus
                0x17801cfc      0x1c0 arch/arm/imx-common/built-in.o
 .text.setup_i2c
                0x17801ebc       0xe4 arch/arm/imx-common/built-in.o
                0x17801ebc                setup_i2c
 .text.board_video_skip
                0x17801fa0      0x180 arch/arm/imx-common/built-in.o
                0x17801fa0                board_video_skip
 .text.timer_init
                0x17802120      0x130 arch/arm/imx-common/built-in.o
                0x17802120                timer_init
 .text.get_ticks
                0x17802250       0x3c arch/arm/imx-common/built-in.o
                0x17802250                get_ticks
 .text.get_timer_masked
                0x1780228c       0xe4 arch/arm/imx-common/built-in.o
                0x1780228c                get_timer_masked
 .text.get_timer
                0x17802370       0x14 arch/arm/imx-common/built-in.o
                0x17802370                get_timer
 .text.__udelay
                0x17802384      0x11c arch/arm/imx-common/built-in.o
                0x17802384                __udelay
 .text.get_tbclk
                0x178024a0       0x90 arch/arm/imx-common/built-in.o
                0x178024a0                get_tbclk
 .text.do_boot_mode
                0x17802530       0xd8 arch/arm/imx-common/built-in.o
 .text.create_usage
                0x17802608       0xa0 arch/arm/imx-common/built-in.o
 .text.add_board_boot_modes
                0x178026a8       0x64 arch/arm/imx-common/built-in.o
                0x178026a8                add_board_boot_modes
 .text          0x1780270c       0xa8 arch/arm/lib/built-in.o
                0x1780270c                _main
 .text.relocate_vectors
                0x178027b4       0x70 arch/arm/lib/built-in.o
                0x178027b4                relocate_vectors
                0x178027c0                relocate_code
 .text.arch_fixup_fdt
                0x17802824       0x38 arch/arm/lib/built-in.o
                0x17802824                arch_fixup_fdt
 .text.boot_jump_linux
                0x1780285c       0xc0 arch/arm/lib/built-in.o
 .text.arch_lmb_reserve
                0x1780291c       0x24 arch/arm/lib/built-in.o
                0x1780291c                arch_lmb_reserve
 .text.setup_board_tags
                0x17802940        0x4 arch/arm/lib/built-in.o
                0x17802940                setup_board_tags
 .text.boot_prep_linux
                0x17802944      0x190 arch/arm/lib/built-in.o
 .text.do_bootm_linux
                0x17802ad4       0x5c arch/arm/lib/built-in.o
                0x17802ad4                do_bootm_linux
 .text.bootz_setup
                0x17802b30       0x60 arch/arm/lib/built-in.o
                0x17802b30                bootz_setup
 .text.boot_prep_vxworks
                0x17802b90       0x4c arch/arm/lib/built-in.o
                0x17802b90                boot_prep_vxworks
 .text.boot_jump_vxworks
                0x17802bdc       0x14 arch/arm/lib/built-in.o
                0x17802bdc                boot_jump_vxworks
 .text.pl310_background_op_all_ways
                0x17802bf0       0x44 arch/arm/lib/built-in.o
 .text.v7_outer_cache_inval_all
                0x17802c34        0xc arch/arm/lib/built-in.o
                0x17802c34                v7_outer_cache_inval_all
 .text.v7_outer_cache_flush_all
                0x17802c40        0xc arch/arm/lib/built-in.o
                0x17802c40                v7_outer_cache_flush_all
 .text.v7_outer_cache_flush_range
                0x17802c4c       0x30 arch/arm/lib/built-in.o
                0x17802c4c                v7_outer_cache_flush_range
 .text.v7_outer_cache_inval_range
                0x17802c7c       0x80 arch/arm/lib/built-in.o
                0x17802c7c                v7_outer_cache_inval_range
 .text.arch_reserve_stacks
                0x17802cfc       0x1c arch/arm/lib/built-in.o
                0x17802cfc                arch_reserve_stacks
 .text.interrupt_init
                0x17802d18       0x1c arch/arm/lib/built-in.o
                0x17802d18                interrupt_init
 .text.enable_interrupts
                0x17802d34        0x4 arch/arm/lib/built-in.o
                0x17802d34                enable_interrupts
 .text.disable_interrupts
                0x17802d38        0x8 arch/arm/lib/built-in.o
                0x17802d38                disable_interrupts
 .text.bad_mode
                0x17802d40       0x10 arch/arm/lib/built-in.o
                0x17802d40                bad_mode
 .text.show_regs
                0x17802d50      0x174 arch/arm/lib/built-in.o
                0x17802d50                show_regs
 .text.do_undefined_instruction
                0x17802ec4       0x20 arch/arm/lib/built-in.o
                0x17802ec4                do_undefined_instruction
 .text.do_software_interrupt
                0x17802ee4       0x20 arch/arm/lib/built-in.o
                0x17802ee4                do_software_interrupt
 .text.do_prefetch_abort
                0x17802f04       0x20 arch/arm/lib/built-in.o
                0x17802f04                do_prefetch_abort
 .text.do_data_abort
                0x17802f24       0x20 arch/arm/lib/built-in.o
                0x17802f24                do_data_abort
 .text.do_not_used
                0x17802f44       0x20 arch/arm/lib/built-in.o
                0x17802f44                do_not_used
 .text.do_fiq   0x17802f64       0x20 arch/arm/lib/built-in.o
                0x17802f64                do_fiq
 .text.do_irq   0x17802f84       0x20 arch/arm/lib/built-in.o
                0x17802f84                do_irq
 .text.do_reset
                0x17802fa4       0x30 arch/arm/lib/built-in.o
                0x17802fa4                do_reset
 .text.cp_delay
                0x17802fd4       0x30 arch/arm/lib/built-in.o
 .text.cache_disable
                0x17803004       0x50 arch/arm/lib/built-in.o
 .text.arm_init_domains
                0x17803054        0x4 arch/arm/lib/built-in.o
                0x17803054                arm_init_domains
 .text.set_section_dcache
                0x17803058       0x14 arch/arm/lib/built-in.o
                0x17803058                set_section_dcache
 .text.mmu_set_region_dcache_behaviour
                0x1780306c       0x50 arch/arm/lib/built-in.o
                0x1780306c                mmu_set_region_dcache_behaviour
 .text.dram_bank_mmu_setup
                0x178030bc       0x48 arch/arm/lib/built-in.o
                0x178030bc                dram_bank_mmu_setup
 .text.cache_enable
                0x17803104       0x78 arch/arm/lib/built-in.o
 .text.icache_enable
                0x1780317c        0x8 arch/arm/lib/built-in.o
                0x1780317c                icache_enable
 .text.icache_disable
                0x17803184        0x8 arch/arm/lib/built-in.o
                0x17803184                icache_disable
 .text.icache_status
                0x1780318c        0xc arch/arm/lib/built-in.o
                0x1780318c                icache_status
 .text.dcache_enable
                0x17803198        0x8 arch/arm/lib/built-in.o
                0x17803198                dcache_enable
 .text.dcache_disable
                0x178031a0        0x8 arch/arm/lib/built-in.o
                0x178031a0                dcache_disable
 .text.dcache_status
                0x178031a8        0xc arch/arm/lib/built-in.o
                0x178031a8                dcache_status
 .text.pfuze_mode_init
                0x178031b4       0xe4 board/freescale/common/built-in.o
                0x178031b4                pfuze_mode_init
 .text.pfuze_common_init
                0x17803298      0x108 board/freescale/common/built-in.o
                0x17803298                pfuze_common_init
 .text.enable_lvds
                0x178033a0       0x14 board/freescale/mx6sabresd/built-in.o
 .text.enable_rgb
                0x178033b4       0x24 board/freescale/mx6sabresd/built-in.o
 .text.do_enable_hdmi
                0x178033d8       0x18 board/freescale/mx6sabresd/built-in.o
 .text.dram_init
                0x178033f0       0x18 board/freescale/mx6sabresd/built-in.o
                0x178033f0                dram_init
 .text.board_spi_cs_gpio
                0x17803408       0x10 board/freescale/mx6sabresd/built-in.o
                0x17803408                board_spi_cs_gpio
 .text.mmc_get_env_devno
                0x17803418       0x24 board/freescale/mx6sabresd/built-in.o
                0x17803418                mmc_get_env_devno
 .text.board_mmc_getcd
                0x1780343c       0x5c board/freescale/mx6sabresd/built-in.o
                0x1780343c                board_mmc_getcd
 .text.board_mmc_init
                0x17803498       0xb8 board/freescale/mx6sabresd/built-in.o
                0x17803498                board_mmc_init
 .text.check_mmc_autodetect
                0x17803550       0x38 board/freescale/mx6sabresd/built-in.o
                0x17803550                check_mmc_autodetect
 .text.board_late_mmc_env_init
                0x17803588       0x78 board/freescale/mx6sabresd/built-in.o
                0x17803588                board_late_mmc_env_init
 .text.mx6_rgmii_rework
                0x17803600      0x10c board/freescale/mx6sabresd/built-in.o
                0x17803600                mx6_rgmii_rework
 .text.board_phy_config
                0x1780370c       0x2c board/freescale/mx6sabresd/built-in.o
                0x1780370c                board_phy_config
 .text.overwrite_console
                0x17803738        0x8 board/freescale/mx6sabresd/built-in.o
                0x17803738                overwrite_console
 .text.board_eth_init
                0x17803740       0xb8 board/freescale/mx6sabresd/built-in.o
                0x17803740                board_eth_init
 .text.board_ehci_hcd_init
                0x178037f8       0x28 board/freescale/mx6sabresd/built-in.o
                0x178037f8                board_ehci_hcd_init
 .text.board_ehci_power
                0x17803820       0x60 board/freescale/mx6sabresd/built-in.o
                0x17803820                board_ehci_power
 .text.board_early_init_f
                0x17803880       0x8c board/freescale/mx6sabresd/built-in.o
                0x17803880                board_early_init_f
 .text.board_init
                0x1780390c       0x7c board/freescale/mx6sabresd/built-in.o
                0x1780390c                board_init
 .text.power_init_board
                0x17803988      0x270 board/freescale/mx6sabresd/built-in.o
                0x17803988                power_init_board
 .text.ldo_mode_set
                0x17803bf8      0x2a0 board/freescale/mx6sabresd/built-in.o
                0x17803bf8                ldo_mode_set
 .text.board_late_init
                0x17803e98       0x1c board/freescale/mx6sabresd/built-in.o
                0x17803e98                board_late_init
 .text.checkboard
                0x17803eb4       0x18 board/freescale/mx6sabresd/built-in.o
                0x17803eb4                checkboard
 .text.show_boot_progress
                0x17803ecc        0x4 common/built-in.o
                0x17803ecc                show_boot_progress
 .text.main_loop
                0x17803ed0       0x20 common/built-in.o
                0x17803ed0                main_loop
 .text.dummy    0x17803ef0        0x4 common/built-in.o
 .text.get_version
                0x17803ef4        0x8 common/built-in.o
                0x17803ef4                get_version
 .text.jumptable_init
                0x17803efc      0x1c0 common/built-in.o
                0x17803efc                jumptable_init
 .text.hash_command
                0x178040bc       0xb8 common/built-in.o
                0x178040bc                hash_command
 .text.b_reset  0x17804174       0x1c common/built-in.o
 .text.static_get
                0x17804190       0x1c common/built-in.o
 .text.static_peek
                0x178041ac        0xc common/built-in.o
 .text.file_peek
                0x178041b8        0xc common/built-in.o
 .text.mapset   0x178041c4       0x20 common/built-in.o
 .text.syntax_err
                0x178041e4        0xc common/built-in.o
 .text.do_showvar
                0x178041f0       0xf0 common/built-in.o
 .text.free_pipe_list
                0x178042e0       0xe8 common/built-in.o
 .text.b_addchr
                0x178043c8       0x78 common/built-in.o
 .text.b_addqchr
                0x17804440       0x4c common/built-in.o
 .text.is_assignment.part.0
                0x1780448c       0x30 common/built-in.o
 .text.xmalloc  0x178044bc       0x20 common/built-in.o
 .text.new_pipe
                0x178044dc       0x28 common/built-in.o
 .text.file_get
                0x17804504      0x1c8 common/built-in.o
 .text.xrealloc
                0x178046cc       0x20 common/built-in.o
 .text.done_command
                0x178046ec       0x8c common/built-in.o
 .text.done_pipe
                0x17804778       0x48 common/built-in.o
 .text.done_word
                0x178047c0      0x2d8 common/built-in.o
 .text.get_local_var
                0x17804a98       0x94 common/built-in.o
                0x17804a98                get_local_var
 .text.set_local_var
                0x17804b2c      0x1c8 common/built-in.o
                0x17804b2c                set_local_var
 .text.insert_var_value_sub
                0x17804cf4      0x2b4 common/built-in.o
 .text.parse_string_outer
                0x17804fa8       0xf0 common/built-in.o
                0x17804fa8                parse_string_outer
 .text.run_list_real
                0x17805098      0x870 common/built-in.o
 .text.parse_stream_outer
                0x17805908      0x6f4 common/built-in.o
 .text.parse_file_outer
                0x17805ffc       0x44 common/built-in.o
                0x17805ffc                parse_file_outer
 .text.u_boot_hush_start
                0x17806040       0x54 common/built-in.o
                0x17806040                u_boot_hush_start
 .text.bootdelay_process
                0x17806094       0xcc common/built-in.o
                0x17806094                bootdelay_process
 .text.autoboot_command
                0x17806160       0xd4 common/built-in.o
                0x17806160                autoboot_command
 .text.display_text_info
                0x17806234        0x8 common/built-in.o
 .text.setup_mon_len
                0x1780623c       0x20 common/built-in.o
 .text.setup_fdt
                0x1780625c        0x8 common/built-in.o
 .text.reserve_round_4k
                0x17806264       0x18 common/built-in.o
 .text.reserve_mmu
                0x1780627c       0x38 common/built-in.o
 .text.reserve_trace
                0x178062b4        0x8 common/built-in.o
 .text.reserve_uboot
                0x178062bc       0x30 common/built-in.o
 .text.reserve_malloc
                0x178062ec       0x18 common/built-in.o
 .text.setup_machine
                0x17806304       0x14 common/built-in.o
 .text.reserve_global_data
                0x17806318       0x1c common/built-in.o
 .text.reserve_fdt
                0x17806334       0x4c common/built-in.o
 .text.display_new_sp
                0x17806380        0x8 common/built-in.o
 .text.initf_malloc
                0x17806388       0x1c common/built-in.o
 .text.reserve_arch
                0x178063a4        0x8 common/built-in.o
                0x178063a4                reserve_arch
 .text.setup_reloc
                0x178063ac       0x28 common/built-in.o
 .text.reloc_fdt
                0x178063d4       0x30 common/built-in.o
 .text.announce_dram_init
                0x17806404       0x18 common/built-in.o
 .text.init_func_i2c
                0x1780641c       0x28 common/built-in.o
 .text.init_baud_rate
                0x17806444       0x2c common/built-in.o
 .text.initf_dm
                0x17806470        0x8 common/built-in.o
 .text.mark_bootstage
                0x17806478       0x14 common/built-in.o
 .text.reserve_board
                0x1780648c       0x38 common/built-in.o
 .text.coloured_LED_init
                0x178064c4        0x4 common/built-in.o
                0x178064c4                coloured_LED_init
 .text.red_led_on
                0x178064c8        0x4 common/built-in.o
                0x178064c8                red_led_on
 .text.board_add_ram_info
                0x178064cc        0x4 common/built-in.o
                0x178064cc                board_add_ram_info
 .text.show_dram_config
                0x178064d0       0x38 common/built-in.o
 .text.dram_init_banksize
                0x17806508       0x20 common/built-in.o
                0x17806508                dram_init_banksize
 .text.setup_dram_config
                0x17806528       0x10 common/built-in.o
 .text.board_get_usable_ram_top
                0x17806538       0x14 common/built-in.o
                0x17806538                board_get_usable_ram_top
 .text.setup_dest_addr
                0x1780654c       0x40 common/built-in.o
 .text.reserve_stacks
                0x1780658c       0x1c common/built-in.o
 .text.board_init_f
                0x178065a8       0x28 common/built-in.o
                0x178065a8                board_init_f
 .text.bootstage_relocate
                0x178065d0        0x8 common/built-in.o
 .text.initr_trace
                0x178065d8        0x8 common/built-in.o
 .text.initr_reloc_global_data
                0x178065e0       0x28 common/built-in.o
 .text.initr_barrier
                0x17806608        0x8 common/built-in.o
 .text.initr_announce
                0x17806610        0x8 common/built-in.o
 .text.run_main_loop
                0x17806618        0xc common/built-in.o
 .text.initr_net
                0x17806624       0x20 common/built-in.o
 .text.initr_ethaddr
                0x17806644       0x20 common/built-in.o
 .text.initr_enable_interrupts
                0x17806664       0x10 common/built-in.o
 .text.initr_jumptable
                0x17806674       0x10 common/built-in.o
 .text.initr_env
                0x17806684       0x30 common/built-in.o
 .text.initr_mmc
                0x178066b4       0x20 common/built-in.o
 .text.initr_serial
                0x178066d4       0x10 common/built-in.o
 .text.initr_dm
                0x178066e4       0x14 common/built-in.o
 .text.initr_malloc
                0x178066f8       0x24 common/built-in.o
 .text.initr_caches
                0x1780671c       0x10 common/built-in.o
 .text.initr_reloc
                0x1780672c       0x24 common/built-in.o
 .text.cpu_secondary_init_r
                0x17806750        0x4 common/built-in.o
                0x17806750                cpu_secondary_init_r
 .text.initr_secondary_cpu
                0x17806754       0x10 common/built-in.o
 .text.board_init_r
                0x17806764       0x14 common/built-in.o
                0x17806764                board_init_r
 .text.show_board_info
                0x17806778        0x4 common/built-in.o
                0x17806778                show_board_info
 .text.do_go_exec
                0x1780677c       0x18 common/built-in.o
                0x1780677c                do_go_exec
 .text.do_go    0x17806794       0x6c common/built-in.o
 .text.image_info
                0x17806800       0xd0 common/built-in.o
 .text.do_bootd
                0x178068d0       0x20 common/built-in.o
                0x178068d0                do_bootd
 .text.do_bootm
                0x178068f0      0x100 common/built-in.o
                0x178068f0                do_bootm
 .text.do_iminfo
                0x178069f0       0x60 common/built-in.o
 .text.bootm_maybe_autostart
                0x17806a50       0x74 common/built-in.o
                0x17806a50                bootm_maybe_autostart
 .text.do_bootz
                0x17806ac4       0xf8 common/built-in.o
                0x17806ac4                do_bootz
 .text.bootm_find_ramdisk_fdt
                0x17806bbc       0xa8 common/built-in.o
                0x17806bbc                bootm_find_ramdisk_fdt
 .text.bootm_decomp_image
                0x17806c64      0x154 common/built-in.o
                0x17806c64                bootm_decomp_image
 .text.bootm_disable_interrupts
                0x17806db8       0x18 common/built-in.o
                0x17806db8                bootm_disable_interrupts
 .text.do_bootm_states
                0x17806dd0      0x740 common/built-in.o
                0x17806dd0                do_bootm_states
 .text.copy_args
                0x17807510       0x4c common/built-in.o
 .text.do_bootm_rtems
                0x1780755c       0x40 common/built-in.o
 .text.do_bootm_plan9
                0x1780759c       0xa4 common/built-in.o
 .text.do_bootm_standalone
                0x17807640       0x64 common/built-in.o
 .text.do_bootm_netbsd
                0x178076a4       0xf4 common/built-in.o
 .text.do_bootvx_fdt
                0x17807798      0x104 common/built-in.o
                0x17807798                do_bootvx_fdt
 .text.do_bootm_vxworks
                0x1780789c       0x24 common/built-in.o
 .text.boot_selected_os
                0x178078c0       0x58 common/built-in.o
                0x178078c0                boot_selected_os
 .text.bootm_os_get_boot_func
                0x17807918       0x10 common/built-in.o
                0x17807918                bootm_os_get_boot_func
 .text.do_help  0x17807928       0x44 common/built-in.o
 .text.do_version
                0x1780796c       0x38 common/built-in.o
 .text.reverse_strstr.part.0
                0x178079a4       0x50 common/built-in.o
 .text.env_attr_walk
                0x178079f4      0x10c common/built-in.o
                0x178079f4                env_attr_walk
 .text.env_attr_lookup
                0x17807b00      0x144 common/built-in.o
                0x17807b00                env_attr_lookup
 .text.clear_callback
                0x17807c44       0x10 common/built-in.o
 .text.on_callbacks
                0x17807c54       0x48 common/built-in.o
 .text.find_env_callback
                0x17807c9c       0x64 common/built-in.o
 .text.set_callback
                0x17807d00       0x9c common/built-in.o
 .text.env_callback_init
                0x17807d9c       0xc0 common/built-in.o
                0x17807d9c                env_callback_init
 .text.skip_num
                0x17807e5c       0x70 common/built-in.o
 .text.clear_flags
                0x17807ecc       0x10 common/built-in.o
 .text.on_flags
                0x17807edc       0x48 common/built-in.o
 .text.env_flags_parse_vartype
                0x17807f24       0x4c common/built-in.o
                0x17807f24                env_flags_parse_vartype
 .text.env_flags_parse_varaccess
                0x17807f70       0x54 common/built-in.o
                0x17807f70                env_flags_parse_varaccess
 .text.set_flags
                0x17807fc4       0xb4 common/built-in.o
 .text.env_flags_init
                0x17808078       0xd0 common/built-in.o
                0x17808078                env_flags_init
 .text.env_flags_validate
                0x17808148      0x310 common/built-in.o
                0x17808148                env_flags_validate
 .text.mmc_get_env_addr
                0x17808458       0x10 common/built-in.o
                0x17808458                mmc_get_env_addr
 .text.env_init
                0x17808468       0x1c common/built-in.o
                0x17808468                env_init
 .text.mmc_get_env_part
                0x17808484        0x8 common/built-in.o
                0x17808484                mmc_get_env_part
 .text.init_mmc_for_env
                0x1780848c       0x74 common/built-in.o
 .text.fini_mmc_for_env
                0x17808500       0x30 common/built-in.o
 .text.saveenv  0x17808530      0x114 common/built-in.o
                0x17808530                saveenv
 .text.env_relocate_spec
                0x17808644       0xe8 common/built-in.o
                0x17808644                env_relocate_spec
 .text.source   0x1780872c       0xdc common/built-in.o
                0x1780872c                source
 .text.do_source
                0x17808808       0x44 common/built-in.o
 .text.print_num
                0x1780884c       0x18 common/built-in.o
 .text.do_bdinfo
                0x17808864      0x18c common/built-in.o
 .text.parse_argv
                0x178089f0       0x5c common/built-in.o
 .text.do_icache
                0x17808a4c       0x90 common/built-in.o
 .text.do_dcache
                0x17808adc       0x90 common/built-in.o
 .text.do_coninfo
                0x17808b6c       0xb8 common/built-in.o
 .text.do_echo  0x17808c24       0xc0 common/built-in.o
 .text.do_exit  0x17808ce4       0x30 common/built-in.o
 .text.do_ext4_write
                0x17808d14       0x14 common/built-in.o
                0x17808d14                do_ext4_write
 .text.do_ext4_ls
                0x17808d28       0x14 common/built-in.o
                0x17808d28                do_ext4_ls
 .text.do_ext4_load
                0x17808d3c       0x14 common/built-in.o
                0x17808d3c                do_ext4_load
 .text.do_ext4_size
                0x17808d50       0x14 common/built-in.o
                0x17808d50                do_ext4_size
 .text.do_ext2ls
                0x17808d64       0x14 common/built-in.o
 .text.do_ext2load
                0x17808d78       0x14 common/built-in.o
                0x17808d78                do_ext2load
 .text.do_fat_ls
                0x17808d8c       0x14 common/built-in.o
 .text.do_fat_fsload
                0x17808da0       0x14 common/built-in.o
                0x17808da0                do_fat_fsload
 .text.do_fat_size
                0x17808db4       0x14 common/built-in.o
                0x17808db4                do_fat_size
 .text.do_fat_fsinfo
                0x17808dc8       0x90 common/built-in.o
 .text.fdt_valid
                0x17808e58       0xc4 common/built-in.o
 .text.is_printable_string
                0x17808f1c       0x98 common/built-in.o
 .text.print_data
                0x17808fb4      0x170 common/built-in.o
 .text.set_working_fdt_addr
                0x17809124       0x1c common/built-in.o
                0x17809124                set_working_fdt_addr
 .text.do_fdt   0x17809140      0xecc common/built-in.o
 .text.fdt_find_and_setprop
                0x1780a00c       0x70 common/built-in.o
                0x1780a00c                fdt_find_and_setprop
 .text.fdt_find_or_add_subnode
                0x1780a07c       0x68 common/built-in.o
                0x1780a07c                fdt_find_or_add_subnode
 .text.fdt_initrd
                0x1780a0e4      0x1e0 common/built-in.o
                0x1780a0e4                fdt_initrd
 .text.fdt_chosen
                0x1780a2c4       0xa4 common/built-in.o
                0x1780a2c4                fdt_chosen
 .text.do_fixup_by_path
                0x1780a368       0x54 common/built-in.o
                0x1780a368                do_fixup_by_path
 .text.fdt_fixup_memory_banks
                0x1780a3bc      0x1d0 common/built-in.o
                0x1780a3bc                fdt_fixup_memory_banks
 .text.fdt_fixup_memory
                0x1780a58c       0x20 common/built-in.o
                0x1780a58c                fdt_fixup_memory
 .text.fdt_fixup_ethernet
                0x1780a5ac      0x158 common/built-in.o
                0x1780a5ac                fdt_fixup_ethernet
 .text.fdt_shrink_to_minimum
                0x1780a704       0xd0 common/built-in.o
                0x1780a704                fdt_shrink_to_minimum
 .text.do_flinfo
                0x1780a7d4        0x8 common/built-in.o
 .text.do_flerase
                0x1780a7dc        0x8 common/built-in.o
 .text.do_protect
                0x1780a7e4       0x10 common/built-in.o
 .text.strtou32
                0x1780a7f4       0x40 common/built-in.o
 .text.do_fuse  0x1780a834      0x350 common/built-in.o
 .text.do_i2c   0x1780ab84       0x60 common/built-in.o
 .text.i2c_report_err
                0x1780abe4       0x38 common/built-in.o
 .text.do_i2c_reset
                0x1780ac1c       0x30 common/built-in.o
 .text.do_i2c_probe
                0x1780ac4c       0x9c common/built-in.o
 .text.do_i2c_bus_num
                0x1780ace8       0xb8 common/built-in.o
 .text.do_i2c_bus_speed
                0x1780ada0       0x74 common/built-in.o
 .text.do_i2c_show_bus
                0x1780ae14       0xe4 common/built-in.o
 .text.get_alen.constprop.5
                0x1780aef8       0x44 common/built-in.o
 .text.do_i2c_crc
                0x1780af3c      0x114 common/built-in.o
 .text.mod_i2c_mem.isra.4
                0x1780b050      0x1e0 common/built-in.o
 .text.do_i2c_nm
                0x1780b230        0x8 common/built-in.o
 .text.do_i2c_mm
                0x1780b238        0x8 common/built-in.o
 .text.do_i2c_md
                0x1780b240      0x1bc common/built-in.o
 .text.do_i2c_loop
                0x1780b3fc       0xd4 common/built-in.o
 .text.do_i2c_read
                0x1780b4d0       0xb0 common/built-in.o
 .text.do_i2c_mw
                0x1780b580       0xec common/built-in.o
 .text.do_i2c_write
                0x1780b66c      0x144 common/built-in.o
 .text.i2c_init_board
                0x1780b7b0        0x4 common/built-in.o
                0x1780b7b0                i2c_init_board
 .text.evalexp  0x1780b7b4       0x70 common/built-in.o
 .text.evalstr  0x1780b824       0x70 common/built-in.o
 .text.binary_test
                0x1780b894      0x19c common/built-in.o
 .text.do_itest
                0x1780ba30       0x98 common/built-in.o
 .text.bin_data_init
                0x1780bac8       0x2c common/built-in.o
 .text.k_data_save
                0x1780baf4       0x4c common/built-in.o
 .text.k_data_restore
                0x1780bb40       0x4c common/built-in.o
 .text.load_serial_ymodem
                0x1780bb8c       0xe0 common/built-in.o
 .text.getcxmodem
                0x1780bc6c       0x20 common/built-in.o
 .text.load_serial
                0x1780bc8c      0x1d4 common/built-in.o
 .text.do_load_serial
                0x1780be60       0xdc common/built-in.o
 .text.bin_data_char
                0x1780bf3c       0x28 common/built-in.o
 .text.s1_sendpacket.constprop.1
                0x1780bf64       0x50 common/built-in.o
 .text.chk1.constprop.2
                0x1780bfb4       0x30 common/built-in.o
 .text.do_load_serial_bin
                0x1780bfe4      0x794 common/built-in.o
 .text.do_mem_mtest
                0x1780c778      0x20c common/built-in.o
 .text.do_mem_loop
                0x1780c984      0x104 common/built-in.o
 .text.do_mem_base
                0x1780ca88       0x40 common/built-in.o
 .text.do_mem_cmp
                0x1780cac8      0x160 common/built-in.o
 .text.do_mem_cp
                0x1780cc28       0xd4 common/built-in.o
 .text.do_mem_mw
                0x1780ccfc       0xb8 common/built-in.o
 .text.do_mem_crc
                0x1780cdb4       0x44 common/built-in.o
 .text.do_mem_md
                0x1780cdf8       0xe4 common/built-in.o
 .text.mod_mem.isra.2
                0x1780cedc      0x15c common/built-in.o
 .text.do_mem_nm
                0x1780d038        0x8 common/built-in.o
 .text.do_mem_mm
                0x1780d040        0x8 common/built-in.o
 .text.miiphy_get_dev_by_name
                0x1780d048       0x5c common/built-in.o
                0x1780d048                miiphy_get_dev_by_name
 .text.miiphy_init
                0x1780d0a4       0x24 common/built-in.o
                0x1780d0a4                miiphy_init
 .text.mdio_alloc
                0x1780d0c8       0x30 common/built-in.o
                0x1780d0c8                mdio_alloc
 .text.mdio_register
                0x1780d0f8       0x94 common/built-in.o
                0x1780d0f8                mdio_register
 .text.mdio_list_devices
                0x1780d18c       0x98 common/built-in.o
                0x1780d18c                mdio_list_devices
 .text.miiphy_set_current_dev
                0x1780d224       0x40 common/built-in.o
                0x1780d224                miiphy_set_current_dev
 .text.miiphy_get_active_dev
                0x1780d264       0x50 common/built-in.o
 .text.mdio_get_current_dev
                0x1780d2b4       0x10 common/built-in.o
                0x1780d2b4                mdio_get_current_dev
 .text.mdio_phydev_for_ethname
                0x1780d2c4       0x88 common/built-in.o
                0x1780d2c4                mdio_phydev_for_ethname
 .text.miiphy_get_current_dev
                0x1780d34c       0x18 common/built-in.o
                0x1780d34c                miiphy_get_current_dev
 .text.miiphy_read
                0x1780d364       0x48 common/built-in.o
                0x1780d364                miiphy_read
 .text.miiphy_write
                0x1780d3ac       0x3c common/built-in.o
                0x1780d3ac                miiphy_write
 .text.miiphy_listdev
                0x1780d3e8       0x70 common/built-in.o
                0x1780d3e8                miiphy_listdev
 .text.miiphy_info
                0x1780d458       0x84 common/built-in.o
                0x1780d458                miiphy_info
 .text.miiphy_speed
                0x1780d4dc       0x8c common/built-in.o
                0x1780d4dc                miiphy_speed
 .text.miiphy_duplex
                0x1780d568       0x8c common/built-in.o
                0x1780d568                miiphy_duplex
 .text.miiphy_is_1000base_x
                0x1780d5f4        0x8 common/built-in.o
                0x1780d5f4                miiphy_is_1000base_x
 .text.extract_range
                0x1780d5fc       0xd4 common/built-in.o
 .text.do_mii   0x1780d6d0      0x794 common/built-in.o
 .text.do_mdio  0x1780de64      0x4cc common/built-in.o
 .text.do_sleep
                0x1780e330       0x74 common/built-in.o
 .text.do_mmcops
                0x1780e3a4       0xb8 common/built-in.o
 .text.do_mmc_list
                0x1780e45c       0x14 common/built-in.o
 .text.init_mmc_device
                0x1780e470       0x50 common/built-in.o
 .text.do_mmc_rescan
                0x1780e4c0       0x24 common/built-in.o
 .text.do_mmcinfo
                0x1780e4e4      0x378 common/built-in.o
 .text.do_mmc_rst_func
                0x1780e85c       0xa0 common/built-in.o
 .text.do_mmc_partconf
                0x1780e8fc       0xb4 common/built-in.o
 .text.do_mmc_boot_resize
                0x1780e9b0       0xd0 common/built-in.o
 .text.do_mmc_bootbus
                0x1780ea80       0xb4 common/built-in.o
 .text.do_mmc_hwpartition
                0x1780eb34      0x510 common/built-in.o
 .text.do_mmc_dev
                0x1780f044      0x138 common/built-in.o
 .text.do_mmc_part
                0x1780f17c       0x64 common/built-in.o
 .text.do_mmc_erase
                0x1780f1e0       0xec common/built-in.o
 .text.do_mmc_write
                0x1780f2cc      0x104 common/built-in.o
 .text.do_mmc_read
                0x1780f3d0       0xe8 common/built-in.o
 .text.do_mmc_setdsr
                0x1780f4b8       0xa8 common/built-in.o
 .text.cpu_cmd  0x1780f560      0x10c common/built-in.o
 .text.netboot_common
                0x1780f66c      0x29c common/built-in.o
 .text.do_nfs   0x1780f908        0xc common/built-in.o
 .text.do_dhcp  0x1780f914        0xc common/built-in.o
 .text.do_bootp
                0x1780f920        0xc common/built-in.o
 .text.do_tftpb
                0x1780f92c       0x40 common/built-in.o
                0x1780f92c                do_tftpb
 .text.do_ping  0x1780f96c       0x78 common/built-in.o
 .text.bytes_per_second
                0x1780f9e4       0x54 common/built-in.o
 .text.do_spi_flash
                0x1780fa38      0x750 common/built-in.o
 .text.get_arg.part.0
                0x17810188       0x3c common/built-in.o
 .text.do_setexpr
                0x178101c4      0x188 common/built-in.o
 .text.do_false
                0x1781034c        0x8 common/built-in.o
 .text.do_true  0x17810354        0x8 common/built-in.o
 .text.do_test  0x1781035c      0x330 common/built-in.o
 .text.usb_get_class_desc
                0x1781068c       0xac common/built-in.o
 .text.do_usbboot
                0x17810738        0xc common/built-in.o
 .text.usb_display_class_sub
                0x17810744      0x174 common/built-in.o
 .text.usb_find_device
                0x178108b8       0x3c common/built-in.o
 .text.usb_show_tree_graph
                0x178108f4      0x21c common/built-in.o
 .text.usb_display_string
                0x17810b10       0x44 common/built-in.o
 .text.usb_display_config
                0x17810b54      0x218 common/built-in.o
 .text.do_usb_start
                0x17810d6c       0x44 common/built-in.o
 .text.usb_display_desc.part.3
                0x17810db0      0x11c common/built-in.o
 .text.do_usb   0x17810ecc      0x778 common/built-in.o
 .text.usb_set_maxpacket_ep
                0x17811644       0x68 common/built-in.o
 .text.usb_stop
                0x178116ac       0x5c common/built-in.o
                0x178116ac                usb_stop
 .text.usb_disable_asynch
                0x17811708       0x20 common/built-in.o
                0x17811708                usb_disable_asynch
 .text.usb_control_msg
                0x17811728       0xc0 common/built-in.o
                0x17811728                usb_control_msg
 .text.usb_get_descriptor
                0x178117e8       0x50 common/built-in.o
 .text.usb_get_string
                0x17811838       0x6c common/built-in.o
 .text.usb_string_sub
                0x178118a4      0x104 common/built-in.o
 .text.usb_bulk_msg
                0x178119a8       0x74 common/built-in.o
                0x178119a8                usb_bulk_msg
 .text.usb_maxpacket
                0x17811a1c       0x1c common/built-in.o
                0x17811a1c                usb_maxpacket
 .text.usb_clear_halt
                0x17811a38       0xa0 common/built-in.o
                0x17811a38                usb_clear_halt
 .text.usb_get_configuration_no
                0x17811ad8       0xb8 common/built-in.o
                0x17811ad8                usb_get_configuration_no
 .text.usb_set_interface
                0x17811b90       0xb4 common/built-in.o
                0x17811b90                usb_set_interface
 .text.usb_string
                0x17811c44      0x100 common/built-in.o
                0x17811c44                usb_string
 .text.usb_get_dev_index
                0x17811d44       0x24 common/built-in.o
                0x17811d44                usb_get_dev_index
 .text.usb_alloc_new_device
                0x17811d68       0x8c common/built-in.o
                0x17811d68                usb_alloc_new_device
 .text.usb_free_device
                0x17811df4       0x48 common/built-in.o
                0x17811df4                usb_free_device
 .text.usb_alloc_device
                0x17811e3c        0x8 common/built-in.o
                0x17811e3c                usb_alloc_device
 .text.usb_new_device
                0x17811e44      0x5c8 common/built-in.o
                0x17811e44                usb_new_device
 .text.usb_init
                0x1781240c      0x144 common/built-in.o
                0x1781240c                usb_init
 .text.usb_get_hub_descriptor
                0x17812550       0x50 common/built-in.o
 .text.usb_get_port_status
                0x178125a0       0x4c common/built-in.o
 .text.usb_set_port_feature
                0x178125ec       0x4c common/built-in.o
 .text.usb_clear_port_feature
                0x17812638       0x4c common/built-in.o
 .text.usb_hub_power_on
                0x17812684       0x44 common/built-in.o
 .text.usb_hub_reset_devices
                0x178126c8        0x4 common/built-in.o
                0x178126c8                usb_hub_reset_devices
 .text.usb_hub_reset
                0x178126cc       0x14 common/built-in.o
                0x178126cc                usb_hub_reset
 .text.hub_port_reset
                0x178126e0       0x98 common/built-in.o
                0x178126e0                hub_port_reset
 .text.usb_hub_port_connect_change
                0x17812778      0x128 common/built-in.o
                0x17812778                usb_hub_port_connect_change
 .text.usb_hub_configure
                0x178128a0      0x2dc common/built-in.o
 .text.usb_hub_probe
                0x17812b7c       0x58 common/built-in.o
                0x17812b7c                usb_hub_probe
 .text.usb_stor_irq
                0x17812bd4       0x1c common/built-in.o
 .text.usb_request_sense
                0x17812bf0       0x68 common/built-in.o
 .text.usb_stor_BBB_reset
                0x17812c58       0xd0 common/built-in.o
 .text.usb_stor_CB_reset
                0x17812d28       0xcc common/built-in.o
 .text.usb_stor_BBB_clear_endpt_stall.isra.0
                0x17812df4       0x40 common/built-in.o
 .text.usb_stor_BBB_transport
                0x17812e34      0x25c common/built-in.o
 .text.usb_stor_CB_comdat
                0x17813090      0x220 common/built-in.o
 .text.usb_stor_CBI_get_status.isra.2
                0x178132b0       0xc8 common/built-in.o
 .text.usb_stor_CB_transport
                0x17813378      0x200 common/built-in.o
 .text.usb_stor_write
                0x17813578      0x1a4 common/built-in.o
                0x17813578                usb_stor_write
 .text.usb_stor_read
                0x1781371c      0x1a4 common/built-in.o
                0x1781371c                usb_stor_read
 .text.usb_stor_get_dev
                0x178138c0       0x28 common/built-in.o
                0x178138c0                usb_stor_get_dev
 .text.usb_stor_info
                0x178138e8       0x70 common/built-in.o
                0x178138e8                usb_stor_info
 .text.usb_storage_probe
                0x17813958      0x218 common/built-in.o
                0x17813958                usb_storage_probe
 .text.usb_stor_get_info
                0x17813b70      0x328 common/built-in.o
                0x17813b70                usb_stor_get_info
 .text.usb_stor_scan
                0x17813e98      0x1e4 common/built-in.o
                0x17813e98                usb_stor_scan
 .text.do_imgextract
                0x1781407c      0x29c common/built-in.o
 .text.splash_screen_prepare
                0x17814318        0x8 common/built-in.o
                0x17814318                splash_screen_prepare
 .text.splash_get_pos
                0x17814320       0x84 common/built-in.o
                0x17814320                splash_get_pos
 .text.do_env_delete
                0x178143a4       0xa8 common/built-in.o
 .text.do_env_exists
                0x1781444c       0x68 common/built-in.o
 .text.env_print
                0x178144b4       0xd0 common/built-in.o
 .text.do_env_print
                0x17814584       0xc0 common/built-in.o
 .text.do_env   0x17814644       0x60 common/built-in.o
 .text.do_env_import
                0x178146a4      0x294 common/built-in.o
 .text.do_env_default
                0x17814938       0xb4 common/built-in.o
 .text.do_env_save
                0x178149ec       0x2c common/built-in.o
 .text._do_env_set.isra.1
                0x17814a18      0x1e4 common/built-in.o
 .text.do_env_set
                0x17814bfc       0x1c common/built-in.o
 .text.get_env_id
                0x17814c18       0x10 common/built-in.o
                0x17814c18                get_env_id
 .text.setenv   0x17814c28       0x58 common/built-in.o
                0x17814c28                setenv
 .text.setenv_ulong
                0x17814c80       0x20 common/built-in.o
                0x17814c80                setenv_ulong
 .text.setenv_hex
                0x17814ca0       0x34 common/built-in.o
                0x17814ca0                setenv_hex
 .text.do_env_export
                0x17814cd4      0x268 common/built-in.o
 .text.envmatch
                0x17814f3c       0x6c common/built-in.o
                0x17814f3c                envmatch
 .text.getenv_f
                0x17814fa8       0xb8 common/built-in.o
                0x17814fa8                getenv_f
 .text.getenv   0x17815060       0x80 common/built-in.o
                0x17815060                getenv
 .text.do_env_edit
                0x178150e0       0x74 common/built-in.o
 .text.getenv_ulong
                0x17815154       0x30 common/built-in.o
                0x17815154                getenv_ulong
 .text.getenv_hex
                0x17815184       0x34 common/built-in.o
                0x17815184                getenv_hex
 .text.env_get_char_spec
                0x178151b8        0xc common/built-in.o
                0x178151b8                env_get_char_spec
 .text.env_get_addr
                0x178151c4       0x24 common/built-in.o
                0x178151c4                env_get_addr
 .text.env_get_char_memory
                0x178151e8       0x10 common/built-in.o
                0x178151e8                env_get_char_memory
 .text.env_get_char
                0x178151f8       0x30 common/built-in.o
                0x178151f8                env_get_char
 .text.getenv_yesno
                0x17815228       0x54 common/built-in.o
                0x17815228                getenv_yesno
 .text.getenv_default
                0x1781527c       0x30 common/built-in.o
                0x1781527c                getenv_default
 .text.set_default_env
                0x178152ac       0xbc common/built-in.o
                0x178152ac                set_default_env
 .text.set_default_vars
                0x17815368       0x3c common/built-in.o
                0x17815368                set_default_vars
 .text.env_import
                0x178153a4       0xdc common/built-in.o
                0x178153a4                env_import
 .text.env_export
                0x17815480       0xa0 common/built-in.o
                0x17815480                env_export
 .text.env_relocate
                0x17815520       0x30 common/built-in.o
                0x17815520                env_relocate
 .text.env_complete
                0x17815550       0xe4 common/built-in.o
                0x17815550                env_complete
 .text.console_setfile
                0x17815634       0xc0 common/built-in.o
 .text.serial_printf
                0x178156f4       0x50 common/built-in.o
                0x178156f4                serial_printf
 .text.fgetc    0x17815744       0x2c common/built-in.o
                0x17815744                fgetc
 .text.getc     0x17815770       0x24 common/built-in.o
                0x17815770                getc
 .text.ftstc    0x17815794       0x2c common/built-in.o
                0x17815794                ftstc
 .text.tstc     0x178157c0       0x24 common/built-in.o
                0x178157c0                tstc
 .text.fputc    0x178157e4       0x24 common/built-in.o
                0x178157e4                fputc
 .text.putc     0x17815808       0x28 common/built-in.o
                0x17815808                putc
 .text.fputs    0x17815830       0x24 common/built-in.o
                0x17815830                fputs
 .text.puts     0x17815854       0x28 common/built-in.o
                0x17815854                puts
 .text.printf   0x1781587c       0x5c common/built-in.o
                0x1781587c                printf
 .text.vprintf  0x178158d8       0x3c common/built-in.o
                0x178158d8                vprintf
 .text.ctrlc    0x17815914       0x54 common/built-in.o
                0x17815914                ctrlc
 .text.confirm_yesno
                0x17815968       0xc4 common/built-in.o
                0x17815968                confirm_yesno
 .text.had_ctrlc
                0x17815a2c       0x10 common/built-in.o
                0x17815a2c                had_ctrlc
 .text.clear_ctrlc
                0x17815a3c       0x14 common/built-in.o
                0x17815a3c                clear_ctrlc
 .text.search_device
                0x17815a50       0x28 common/built-in.o
                0x17815a50                search_device
 .text.console_assign
                0x17815a78       0x40 common/built-in.o
                0x17815a78                console_assign
 .text.on_console
                0x17815ab8       0xc4 common/built-in.o
 .text.console_init_f
                0x17815b7c       0x10 common/built-in.o
                0x17815b7c                console_init_f
 .text.stdio_print_current_devices
                0x17815b8c       0xb4 common/built-in.o
                0x17815b8c                stdio_print_current_devices
 .text.console_init_r
                0x17815c40      0x168 common/built-in.o
                0x17815c40                console_init_r
 .text.sbrk     0x17815da8       0x6c common/built-in.o
                0x17815da8                sbrk
 .text.mem_malloc_init
                0x17815e14       0x34 common/built-in.o
                0x17815e14                mem_malloc_init
 .text.malloc_trim
                0x17815e48       0xd8 common/built-in.o
                0x17815e48                malloc_trim
 .text.free     0x17815f20      0x248 common/built-in.o
                0x17815f20                free
 .text.malloc   0x17816168      0x614 common/built-in.o
                0x17816168                malloc
 .text.calloc   0x1781677c      0x138 common/built-in.o
                0x1781677c                calloc
 .text.memalign
                0x178168b4      0x110 common/built-in.o
                0x178168b4                memalign
 .text.realloc  0x178169c4      0x420 common/built-in.o
                0x178169c4                realloc
 .text.malloc_simple
                0x17816de4       0x30 common/built-in.o
                0x17816de4                malloc_simple
 .text.on_loadaddr
                0x17816e14       0x38 common/built-in.o
 .text.image_check_hcrc
                0x17816e4c       0x4c common/built-in.o
                0x17816e4c                image_check_hcrc
 .text.image_check_dcrc
                0x17816e98       0x38 common/built-in.o
                0x17816e98                image_check_dcrc
 .text.image_multi_count
                0x17816ed0       0x24 common/built-in.o
                0x17816ed0                image_multi_count
 .text.image_multi_getimg
                0x17816ef4       0x7c common/built-in.o
                0x17816ef4                image_multi_getimg
 .text.getenv_bootm_low
                0x17816f70       0x30 common/built-in.o
                0x17816f70                getenv_bootm_low
 .text.getenv_bootm_size
                0x17816fa0       0x5c common/built-in.o
                0x17816fa0                getenv_bootm_size
 .text.getenv_bootm_mapsize
                0x17816ffc       0x30 common/built-in.o
                0x17816ffc                getenv_bootm_mapsize
 .text.memmove_wd
                0x1781702c        0xc common/built-in.o
                0x1781702c                memmove_wd
 .text.genimg_print_size
                0x17817038       0x30 common/built-in.o
                0x17817038                genimg_print_size
 .text.get_table_entry_name
                0x17817068       0x2c common/built-in.o
                0x17817068                get_table_entry_name
 .text.genimg_get_os_name
                0x17817094       0x18 common/built-in.o
                0x17817094                genimg_get_os_name
 .text.genimg_get_arch_name
                0x178170ac       0x18 common/built-in.o
                0x178170ac                genimg_get_arch_name
 .text.genimg_get_type_name
                0x178170c4       0x18 common/built-in.o
                0x178170c4                genimg_get_type_name
 .text.genimg_get_comp_name
                0x178170dc       0x18 common/built-in.o
                0x178170dc                genimg_get_comp_name
 .text.image_print_contents
                0x178170f4      0x170 common/built-in.o
                0x178170f4                image_print_contents
 .text.genimg_get_kernel_addr_fit
                0x17817264       0x24 common/built-in.o
                0x17817264                genimg_get_kernel_addr_fit
 .text.genimg_get_format
                0x17817288       0x38 common/built-in.o
                0x17817288                genimg_get_format
 .text.genimg_get_image
                0x178172c0        0x4 common/built-in.o
                0x178172c0                genimg_get_image
 .text.genimg_has_config
                0x178172c4        0x8 common/built-in.o
                0x178172c4                genimg_has_config
 .text.boot_get_ramdisk
                0x178172cc      0x240 common/built-in.o
                0x178172cc                boot_get_ramdisk
 .text.boot_ramdisk_high
                0x1781750c      0x12c common/built-in.o
                0x1781750c                boot_ramdisk_high
 .text.boot_get_setup
                0x17817638        0x8 common/built-in.o
                0x17817638                boot_get_setup
 .text.image_setup_linux
                0x17817640       0x88 common/built-in.o
                0x17817640                image_setup_linux
 .text.fdt_error
                0x178176c8       0x2c common/built-in.o
 .text.boot_fdt_add_mem_rsv_regions
                0x178176f4       0x88 common/built-in.o
                0x178176f4                boot_fdt_add_mem_rsv_regions
 .text.boot_relocate_fdt
                0x1781777c      0x19c common/built-in.o
                0x1781777c                boot_relocate_fdt
 .text.boot_get_fdt
                0x17817918      0x2ac common/built-in.o
                0x17817918                boot_get_fdt
 .text.ft_verify_fdt
                0x17817bc4        0x8 common/built-in.o
                0x17817bc4                ft_verify_fdt
 .text.image_setup_libfdt
                0x17817bcc       0xe4 common/built-in.o
                0x17817bcc                image_setup_libfdt
 .text.get_effective_memsize
                0x17817cb0        0x8 common/built-in.o
                0x17817cb0                get_effective_memsize
 .text.nulldev_putc
                0x17817cb8        0x4 common/built-in.o
 .text.nulldev_puts
                0x17817cbc        0x4 common/built-in.o
 .text.nulldev_input
                0x17817cc0        0x8 common/built-in.o
 .text.stdio_serial_tstc
                0x17817cc8        0x4 common/built-in.o
 .text.stdio_serial_getc
                0x17817ccc        0x4 common/built-in.o
 .text.stdio_serial_puts
                0x17817cd0        0x8 common/built-in.o
 .text.stdio_serial_putc
                0x17817cd8        0x8 common/built-in.o
 .text.stdio_get_list
                0x17817ce0        0xc common/built-in.o
                0x17817ce0                stdio_get_list
 .text.stdio_get_by_name
                0x17817cec       0x54 common/built-in.o
                0x17817cec                stdio_get_by_name
 .text.stdio_clone
                0x17817d40       0x38 common/built-in.o
                0x17817d40                stdio_clone
 .text.stdio_register_dev
                0x17817d78       0x50 common/built-in.o
                0x17817d78                stdio_register_dev
 .text.stdio_register
                0x17817dc8        0x8 common/built-in.o
                0x17817dc8                stdio_register
 .text.stdio_init_tables
                0x17817dd0       0x1c common/built-in.o
                0x17817dd0                stdio_init_tables
 .text.stdio_add_devices
                0x17817dec       0xd8 common/built-in.o
                0x17817dec                stdio_add_devices
 .text.run_command
                0x17817ec4       0x10 common/built-in.o
                0x17817ec4                run_command
 .text.run_command_list
                0x17817ed4       0x78 common/built-in.o
                0x17817ed4                run_command_list
 .text.do_run   0x17817f4c       0x7c common/built-in.o
                0x17817f4c                do_run
 .text.cli_loop
                0x17817fc8        0xc common/built-in.o
                0x17817fc8                cli_loop
 .text.cli_init
                0x17817fd4        0x4 common/built-in.o
                0x17817fd4                cli_init
 .text.delete_char.part.0
                0x17817fd8       0xd4 common/built-in.o
 .text.cread_add_char
                0x178180ac       0xec common/built-in.o
 .text.cli_readline_into_buffer
                0x17818198      0x9b0 common/built-in.o
                0x17818198                cli_readline_into_buffer
 .text.cli_readline
                0x17818b48       0x14 common/built-in.o
                0x17818b48                cli_readline
 .text.find_cmd_tbl
                0x17818b5c       0x9c common/built-in.o
                0x17818b5c                find_cmd_tbl
 .text.find_cmd
                0x17818bf8       0x28 common/built-in.o
                0x17818bf8                find_cmd
 .text.cmd_usage
                0x17818c20       0x5c common/built-in.o
                0x17818c20                cmd_usage
 .text._do_help
                0x17818c7c      0x188 common/built-in.o
                0x17818c7c                _do_help
 .text.var_complete
                0x17818e04       0x84 common/built-in.o
                0x17818e04                var_complete
 .text.cmd_auto_complete
                0x17818e88      0x4bc common/built-in.o
                0x17818e88                cmd_auto_complete
 .text.cmd_get_data_size
                0x17819344       0x50 common/built-in.o
                0x17819344                cmd_get_data_size
 .text.cmd_process
                0x17819394       0xec common/built-in.o
                0x17819394                cmd_process
 .text.cmd_process_error
                0x17819480       0x30 common/built-in.o
                0x17819480                cmd_process_error
 .text.hex1_bin
                0x178194b0       0x38 common/built-in.o
 .text.hex2_bin
                0x178194e8       0x34 common/built-in.o
 .text.srec_decode
                0x1781951c      0x260 common/built-in.o
                0x1781951c                srec_decode
 .text.CYGACC_COMM_IF_GETC_TIMEOUT.isra.1
                0x1781977c       0x4c common/built-in.o
 .text.xyzModem_flush
                0x178197c8       0x18 common/built-in.o
 .text.xyzModem_get_hdr
                0x178197e0      0x244 common/built-in.o
 .text.xyzModem_stream_open
                0x17819a24      0x24c common/built-in.o
                0x17819a24                xyzModem_stream_open
 .text.xyzModem_stream_read
                0x17819c70      0x244 common/built-in.o
                0x17819c70                xyzModem_stream_read
 .text.xyzModem_stream_close
                0x17819eb4       0x50 common/built-in.o
                0x17819eb4                xyzModem_stream_close
 .text.xyzModem_stream_terminate
                0x17819f04       0x94 common/built-in.o
                0x17819f04                xyzModem_stream_terminate
 .text.xyzModem_error
                0x17819f98       0x20 common/built-in.o
                0x17819f98                xyzModem_error
 .text.common_diskboot
                0x17819fb8      0x238 common/built-in.o
                0x17819fb8                common_diskboot
 .text.get_dev_hwpart
                0x1781a1f0       0xb4 disk/built-in.o
 .text.dev_print
                0x1781a2a4      0x218 disk/built-in.o
                0x1781a2a4                dev_print
 .text.init_part
                0x1781a4bc       0x20 disk/built-in.o
                0x1781a4bc                init_part
 .text.print_part
                0x1781a4dc       0xf8 disk/built-in.o
                0x1781a4dc                print_part
 .text.get_partition_info
                0x1781a5d4       0x28 disk/built-in.o
                0x1781a5d4                get_partition_info
 .text.get_device
                0x1781a5fc      0x110 disk/built-in.o
                0x1781a5fc                get_device
 .text.get_device_and_partition
                0x1781a70c      0x424 disk/built-in.o
                0x1781a70c                get_device_and_partition
 .text.test_block_type
                0x1781ab30       0x88 disk/built-in.o
 .text.print_partition_extended
                0x1781abb8      0x250 disk/built-in.o
 .text.get_partition_info_extended.constprop.1
                0x1781ae08      0x2ec disk/built-in.o
 .text.test_part_dos
                0x1781b0f4       0x60 disk/built-in.o
                0x1781b0f4                test_part_dos
 .text.print_part_dos
                0x1781b154       0x30 disk/built-in.o
                0x1781b154                print_part_dos
 .text.get_partition_info_dos
                0x1781b184       0x1c disk/built-in.o
                0x1781b184                get_partition_info_dos
 .text.device_bind
                0x1781b1a0      0x264 drivers/built-in.o
                0x1781b1a0                device_bind
 .text.device_bind_by_name
                0x1781b404       0x58 drivers/built-in.o
                0x1781b404                device_bind_by_name
 .text.device_probe
                0x1781b45c        0x8 drivers/built-in.o
                0x1781b45c                device_probe
 .text.device_probe_child
                0x1781b464      0x1e0 drivers/built-in.o
                0x1781b464                device_probe_child
 .text.dev_get_platdata
                0x1781b644       0x30 drivers/built-in.o
                0x1781b644                dev_get_platdata
 .text.dev_get_priv
                0x1781b674       0x30 drivers/built-in.o
                0x1781b674                dev_get_priv
 .text.lists_driver_lookup_name
                0x1781b6a4       0x54 drivers/built-in.o
                0x1781b6a4                lists_driver_lookup_name
 .text.lists_uclass_lookup
                0x1781b6f8       0x48 drivers/built-in.o
                0x1781b6f8                lists_uclass_lookup
 .text.lists_bind_drivers
                0x1781b740       0x90 drivers/built-in.o
                0x1781b740                lists_bind_drivers
 .text.dm_root  0x1781b7d0       0x2c drivers/built-in.o
                0x1781b7d0                dm_root
 .text.dm_init  0x1781b7fc       0x58 drivers/built-in.o
                0x1781b7fc                dm_init
 .text.dm_scan_platdata
                0x1781b854       0x2c drivers/built-in.o
                0x1781b854                dm_scan_platdata
 .text.dm_scan_other
                0x1781b880        0x8 drivers/built-in.o
                0x1781b880                dm_scan_other
 .text.dm_init_and_scan
                0x1781b888       0x30 drivers/built-in.o
                0x1781b888                dm_init_and_scan
 .text.uclass_find
                0x1781b8b8       0x54 drivers/built-in.o
                0x1781b8b8                uclass_find
 .text.uclass_get
                0x1781b90c      0x12c drivers/built-in.o
                0x1781b90c                uclass_get
 .text.uclass_find_device
                0x1781ba38       0x5c drivers/built-in.o
                0x1781ba38                uclass_find_device
 .text.uclass_find_device_by_seq
                0x1781ba94       0x70 drivers/built-in.o
                0x1781ba94                uclass_find_device_by_seq
 .text.uclass_get_device
                0x1781bb04       0x38 drivers/built-in.o
                0x1781bb04                uclass_get_device
 .text.uclass_bind_device
                0x1781bb3c       0x9c drivers/built-in.o
                0x1781bb3c                uclass_bind_device
 .text.uclass_unbind_device
                0x1781bbd8       0x48 drivers/built-in.o
                0x1781bbd8                uclass_unbind_device
 .text.uclass_resolve_seq
                0x1781bc20       0xac drivers/built-in.o
                0x1781bc20                uclass_resolve_seq
 .text.uclass_pre_probe_child
                0x1781bccc       0x38 drivers/built-in.o
                0x1781bccc                uclass_pre_probe_child
 .text.uclass_post_probe_device
                0x1781bd04       0x28 drivers/built-in.o
                0x1781bd04                uclass_post_probe_device
 .text.uclass_pre_remove_device
                0x1781bd2c       0x54 drivers/built-in.o
                0x1781bd2c                uclass_pre_remove_device
 .text.dm_warn  0x1781bd80       0x24 drivers/built-in.o
                0x1781bd80                dm_warn
 .text.device_free
                0x1781bda4       0x90 drivers/built-in.o
                0x1781bda4                device_free
 .text.device_remove
                0x1781be34      0x130 drivers/built-in.o
                0x1781be34                device_remove
 .text.setup_direct_access
                0x1781bf64       0xdc drivers/built-in.o
 .text.finish_access
                0x1781c040       0x34 drivers/built-in.o
 .text.prepare_access
                0x1781c074       0x74 drivers/built-in.o
 .text.fuse_bank_physical
                0x1781c0e8       0x74 drivers/built-in.o
                0x1781c0e8                fuse_bank_physical
 .text.fuse_read
                0x1781c15c       0x70 drivers/built-in.o
                0x1781c15c                fuse_read
 .text.fuse_sense
                0x1781c1cc       0x98 drivers/built-in.o
                0x1781c1cc                fuse_sense
 .text.fuse_prog
                0x1781c264       0x88 drivers/built-in.o
                0x1781c264                fuse_prog
 .text.fuse_override
                0x1781c2ec       0x68 drivers/built-in.o
                0x1781c2ec                fuse_override
 .text.video_drawchars
                0x1781c354      0x488 drivers/built-in.o
 .text.draw_bitmap
                0x1781c7dc       0xe4 drivers/built-in.o
 .text.console_newline.constprop.2
                0x1781c8c0       0xe8 drivers/built-in.o
 .text.video_putc
                0x1781c9a8      0x198 drivers/built-in.o
 .text.video_puts
                0x1781cb40       0x84 drivers/built-in.o
 .text.board_cfb_skip
                0x1781cbc4        0x8 drivers/built-in.o
                0x1781cbc4                board_cfb_skip
 .text.video_set_lut
                0x1781cbcc        0x8 drivers/built-in.o
                0x1781cbd0                video_set_lut
 .text.plot_logo_or_black
                0x1781cbd4      0x264 drivers/built-in.o
 .text.do_clrlogo
                0x1781ce38       0x60 drivers/built-in.o
 .text.display_rle8_bitmap
                0x1781ce98      0x35c drivers/built-in.o
 .text.video_display_bitmap
                0x1781d1f4      0xa74 drivers/built-in.o
                0x1781d1f4                video_display_bitmap
 .text.video_clear
                0x1781dc68       0x58 drivers/built-in.o
                0x1781dc68                video_clear
 .text.drv_video_init
                0x1781dcc0      0x440 drivers/built-in.o
                0x1781dcc0                drv_video_init
 .text.mxcfb_map_video_memory
                0x1781e100       0x88 drivers/built-in.o
 .text.ipuv3_fb_shutdown
                0x1781e188       0x60 drivers/built-in.o
                0x1781e188                ipuv3_fb_shutdown
 .text.video_hw_init
                0x1781e1e8      0x5b8 drivers/built-in.o
                0x1781e1e8                video_hw_init
 .text.ipuv3_fb_init
                0x1781e7a0       0x2c drivers/built-in.o
                0x1781e7a0                ipuv3_fb_init
 .text.clk_ipu_enable
                0x1781e7cc       0x20 drivers/built-in.o
 .text.clk_ipu_disable
                0x1781e7ec       0x1c drivers/built-in.o
 .text.clk_ldb_clk_enable
                0x1781e808       0x20 drivers/built-in.o
 .text.clk_ldb_clk_disable
                0x1781e828       0x1c drivers/built-in.o
 .text.ipu_pixel_clk_enable
                0x1781e844       0x28 drivers/built-in.o
 .text.ipu_pixel_clk_disable
                0x1781e86c       0x24 drivers/built-in.o
 .text.ipu_pixel_clk_round_rate
                0x1781e890      0x13c drivers/built-in.o
 .text.ipu_pixel_clk_set_rate
                0x1781e9cc      0x108 drivers/built-in.o
 .text.ipu_pixel_clk_recalc
                0x1781ead4       0x74 drivers/built-in.o
 .text.ipu_pixel_clk_set_parent
                0x1781eb48       0x8c drivers/built-in.o
 .text.clk_enable
                0x1781ebd4       0x2c drivers/built-in.o
                0x1781ebd4                clk_enable
 .text.clk_disable
                0x1781ec00       0x38 drivers/built-in.o
                0x1781ec00                clk_disable
 .text.clk_get_usecount
                0x1781ec38        0xc drivers/built-in.o
                0x1781ec38                clk_get_usecount
 .text.clk_get_rate
                0x1781ec44        0xc drivers/built-in.o
                0x1781ec44                clk_get_rate
 .text.clk_get_parent
                0x1781ec50        0xc drivers/built-in.o
                0x1781ec50                clk_get_parent
 .text.clk_set_rate
                0x1781ec5c       0x30 drivers/built-in.o
                0x1781ec5c                clk_set_rate
 .text.clk_round_rate
                0x1781ec8c       0x2c drivers/built-in.o
                0x1781ec8c                clk_round_rate
 .text.clk_set_parent
                0x1781ecb8       0x24 drivers/built-in.o
                0x1781ecb8                clk_set_parent
 .text.ipu_probe
                0x1781ecdc      0x164 drivers/built-in.o
                0x1781ecdc                ipu_probe
 .text.ipu_dump_registers
                0x1781ee40        0x4 drivers/built-in.o
                0x1781ee40                ipu_dump_registers
 .text.ipu_init_channel
                0x1781ee44      0x204 drivers/built-in.o
                0x1781ee44                ipu_init_channel
 .text.ipu_uninit_channel
                0x1781f048      0x238 drivers/built-in.o
                0x1781f048                ipu_uninit_channel
 .text.ipu_enable_channel
                0x1781f280       0xd8 drivers/built-in.o
                0x1781f280                ipu_enable_channel
 .text.ipu_clear_buffer_ready
                0x1781f358       0x80 drivers/built-in.o
                0x1781f358                ipu_clear_buffer_ready
 .text.ipu_disable_channel
                0x1781f3d8      0x188 drivers/built-in.o
                0x1781f3d8                ipu_disable_channel
 .text.bytes_per_pixel
                0x1781f560       0xe0 drivers/built-in.o
                0x1781f560                bytes_per_pixel
 .text.ipu_init_channel_buffer
                0x1781f640      0x5e4 drivers/built-in.o
                0x1781f640                ipu_init_channel_buffer
 .text.format_to_colorspace
                0x1781fc24       0xbc drivers/built-in.o
                0x1781fc24                format_to_colorspace
 .text.ipu_dc_map_config
                0x1781fce0       0x70 drivers/built-in.o
 .text.ipu_dc_map_clear
                0x1781fd50       0x2c drivers/built-in.o
 .text.rgb_to_yuv
                0x1781fd7c       0x70 drivers/built-in.o
 .text.ipu_dc_link_event
                0x1781fdec      0x15c drivers/built-in.o
 .text.ipu_dp_csc_setup.isra.0
                0x1781ff48      0x118 drivers/built-in.o
 .text.ipu_di_sync_config.constprop.3
                0x17820060       0xf4 drivers/built-in.o
 .text.ipu_dc_write_tmpl.constprop.4
                0x17820154       0x38 drivers/built-in.o
 .text.ipu_dmfc_init
                0x1782018c      0x170 drivers/built-in.o
                0x1782018c                ipu_dmfc_init
 .text.ipu_dmfc_set_wait4eot
                0x178202fc      0x130 drivers/built-in.o
                0x178202fc                ipu_dmfc_set_wait4eot
 .text.ipu_dp_init
                0x1782042c      0x1ec drivers/built-in.o
                0x1782042c                ipu_dp_init
 .text.ipu_dp_uninit
                0x17820618       0x84 drivers/built-in.o
                0x17820618                ipu_dp_uninit
 .text.ipu_dc_init
                0x1782069c      0x2c8 drivers/built-in.o
                0x1782069c                ipu_dc_init
 .text.ipu_dc_uninit
                0x17820964      0x1c4 drivers/built-in.o
                0x17820964                ipu_dc_uninit
 .text.ipu_dp_dc_enable
                0x17820b28      0x234 drivers/built-in.o
                0x17820b28                ipu_dp_dc_enable
 .text.ipu_dp_dc_disable
                0x17820d5c      0x39c drivers/built-in.o
                0x17820d5c                ipu_dp_dc_disable
 .text.ipu_init_dc_mappings
                0x178210f8      0x15c drivers/built-in.o
                0x178210f8                ipu_init_dc_mappings
 .text.ipu_init_sync_panel
                0x17821254      0x7d0 drivers/built-in.o
                0x17821254                ipu_init_sync_panel
 .text.ipu_disp_set_global_alpha
                0x17821a24      0x12c drivers/built-in.o
                0x17821a24                ipu_disp_set_global_alpha
 .text.ipu_disp_set_color_key
                0x17821b50      0x1bc drivers/built-in.o
                0x17821b50                ipu_disp_set_color_key
 .text.reset_cpu
                0x17821d0c       0x28 drivers/built-in.o
                0x17821d0c                reset_cpu
 .text.thermal_get_temp
                0x17821d34       0x28 drivers/built-in.o
                0x17821d34                thermal_get_temp
 .text.imx_thermal_probe
                0x17821d5c       0x78 drivers/built-in.o
 .text.read_cpu_temperature
                0x17821dd4      0x150 drivers/built-in.o
 .text.imx_thermal_get_temp
                0x17821f24       0x48 drivers/built-in.o
                0x17821f24                imx_thermal_get_temp
 .text.mxc_gpio_direction
                0x17821f6c       0x4c drivers/gpio/built-in.o
 .text.gpio_set_value
                0x17821fb8       0x44 drivers/gpio/built-in.o
                0x17821fb8                gpio_set_value
 .text.gpio_get_value
                0x17821ffc       0x34 drivers/gpio/built-in.o
                0x17821ffc                gpio_get_value
 .text.gpio_request
                0x17822030       0x10 drivers/gpio/built-in.o
                0x17822030                gpio_request
 .text.gpio_free
                0x17822040        0x8 drivers/gpio/built-in.o
                0x17822040                gpio_free
 .text.gpio_direction_input
                0x17822048        0x8 drivers/gpio/built-in.o
                0x17822048                gpio_direction_input
 .text.gpio_direction_output
                0x17822050       0x24 drivers/gpio/built-in.o
                0x17822050                gpio_direction_output
 .text.i2c_get_adapter
                0x17822074       0x5c drivers/i2c/built-in.o
                0x17822074                i2c_get_adapter
 .text.i2c_init_bus
                0x178220d0       0x90 drivers/i2c/built-in.o
 .text.i2c_get_bus_num
                0x17822160        0x8 drivers/i2c/built-in.o
                0x17822160                i2c_get_bus_num
 .text.i2c_set_bus_num
                0x17822168       0xc0 drivers/i2c/built-in.o
                0x17822168                i2c_set_bus_num
 .text.i2c_init_all
                0x17822228       0x14 drivers/i2c/built-in.o
                0x17822228                i2c_init_all
 .text.i2c_probe
                0x1782223c       0x28 drivers/i2c/built-in.o
                0x1782223c                i2c_probe
 .text.i2c_read
                0x17822264       0x48 drivers/i2c/built-in.o
                0x17822264                i2c_read
 .text.i2c_write
                0x178222ac       0x48 drivers/i2c/built-in.o
                0x178222ac                i2c_write
 .text.i2c_set_bus_speed
                0x178222f4       0x64 drivers/i2c/built-in.o
                0x178222f4                i2c_set_bus_speed
 .text.i2c_get_bus_speed
                0x17822358       0x14 drivers/i2c/built-in.o
                0x17822358                i2c_get_bus_speed
 .text.i2c_init
                0x1782236c       0x14 drivers/i2c/built-in.o
                0x1782236c                i2c_init
 .text.bus_i2c_set_bus_speed
                0x17822380       0x88 drivers/i2c/built-in.o
 .text.mxc_i2c_set_bus_speed
                0x17822408       0x14 drivers/i2c/built-in.o
 .text.wait_for_sr_state
                0x1782241c       0xa0 drivers/i2c/built-in.o
 .text.tx_byte  0x178224bc       0x2c drivers/i2c/built-in.o
 .text.i2c_imx_stop
                0x178224e8       0x38 drivers/i2c/built-in.o
 .text.i2c_init_transfer
                0x17822520      0x1e4 drivers/i2c/built-in.o
 .text.__i2c_force_reset_slave
                0x17822704        0x4 drivers/i2c/built-in.o
                0x17822704                __i2c_force_reset_slave
                0x17822704                i2c_force_reset_slave
 .text.bus_i2c_read
                0x17822708       0xec drivers/i2c/built-in.o
                0x17822708                bus_i2c_read
 .text.mxc_i2c_read
                0x178227f4       0x14 drivers/i2c/built-in.o
 .text.bus_i2c_write
                0x17822808       0x54 drivers/i2c/built-in.o
                0x17822808                bus_i2c_write
 .text.mxc_i2c_write
                0x1782285c       0x14 drivers/i2c/built-in.o
 .text.mxc_i2c_probe
                0x17822870       0x2c drivers/i2c/built-in.o
 .text.bus_i2c_init
                0x1782289c       0x54 drivers/i2c/built-in.o
                0x1782289c                bus_i2c_init
 .text.mxc_i2c_init
                0x178228f0       0x24 drivers/i2c/built-in.o
 .text.esdhc_getcd
                0x17822914       0x40 drivers/mmc/built-in.o
 .text.esdhc_set_ios
                0x17822954      0x124 drivers/mmc/built-in.o
 .text.esdhc_init
                0x17822a78       0xa8 drivers/mmc/built-in.o
 .text.esdhc_send_cmd
                0x17822b20      0x424 drivers/mmc/built-in.o
 .text.fsl_esdhc_initialize
                0x17822f44      0x16c drivers/mmc/built-in.o
                0x17822f44                fsl_esdhc_initialize
 .text.fsl_esdhc_mmc_init
                0x178230b0       0x34 drivers/mmc/built-in.o
                0x178230b0                fsl_esdhc_mmc_init
 .text.mmc_set_ios
                0x178230e4       0x20 drivers/mmc/built-in.o
 .text.mmc_set_capacity
                0x17823104       0xa4 drivers/mmc/built-in.o
 .text.board_mmc_getwp
                0x178231a8        0x8 drivers/mmc/built-in.o
                0x178231a8                board_mmc_getwp
 .text.mmc_getwp
                0x178231b0       0x3c drivers/mmc/built-in.o
                0x178231b0                mmc_getwp
 .text.mmc_send_cmd
                0x178231ec       0x18 drivers/mmc/built-in.o
                0x178231ec                mmc_send_cmd
 .text.mmc_send_op_cond_iter
                0x17823204       0x80 drivers/mmc/built-in.o
 .text.mmc_send_ext_csd
                0x17823284       0x4c drivers/mmc/built-in.o
 .text.mmc_go_idle
                0x178232d0       0x4c drivers/mmc/built-in.o
 .text.sd_switch.constprop.6
                0x1782331c       0x58 drivers/mmc/built-in.o
 .text.mmc_send_status
                0x17823374       0xd0 drivers/mmc/built-in.o
                0x17823374                mmc_send_status
 .text.mmc_switch.isra.1
                0x17823444       0x54 drivers/mmc/built-in.o
 .text.mmc_set_blocklen
                0x17823498       0x3c drivers/mmc/built-in.o
                0x17823498                mmc_set_blocklen
 .text.find_mmc_device
                0x178234d4       0x44 drivers/mmc/built-in.o
                0x178234d4                find_mmc_device
 .text.mmc_bread
                0x17823518      0x148 drivers/mmc/built-in.o
 .text.mmc_switch_part
                0x17823660       0x58 drivers/mmc/built-in.o
                0x17823660                mmc_switch_part
 .text.mmc_select_hwpart
                0x178236b8       0x68 drivers/mmc/built-in.o
                0x178236b8                mmc_select_hwpart
 .text.mmc_hwpart_config
                0x17823720      0x448 drivers/mmc/built-in.o
                0x17823720                mmc_hwpart_config
 .text.mmc_getcd
                0x17823b68       0x3c drivers/mmc/built-in.o
                0x17823b68                mmc_getcd
 .text.mmc_set_clock
                0x17823ba4       0x24 drivers/mmc/built-in.o
                0x17823ba4                mmc_set_clock
 .text.mmc_startup
                0x17823bc8      0xd2c drivers/mmc/built-in.o
 .text.mmc_create
                0x178248f4       0xf8 drivers/mmc/built-in.o
                0x178248f4                mmc_create
 .text.board_mmc_power_init
                0x178249ec        0x4 drivers/mmc/built-in.o
                0x178249ec                board_mmc_power_init
 .text.mmc_start_init
                0x178249f0      0x284 drivers/mmc/built-in.o
                0x178249f0                mmc_start_init
 .text.mmc_init
                0x17824c74       0xf0 drivers/mmc/built-in.o
                0x17824c74                mmc_init
 .text.mmc_get_dev
                0x17824d64       0x28 drivers/mmc/built-in.o
                0x17824d64                mmc_get_dev
 .text.mmc_set_dsr
                0x17824d8c        0xc drivers/mmc/built-in.o
                0x17824d8c                mmc_set_dsr
 .text.print_mmc_devices
                0x17824d98       0xc0 drivers/mmc/built-in.o
                0x17824d98                print_mmc_devices
 .text.get_mmc_num
                0x17824e58       0x10 drivers/mmc/built-in.o
                0x17824e58                get_mmc_num
 .text.mmc_initialize
                0x17824e68       0x78 drivers/mmc/built-in.o
                0x17824e68                mmc_initialize
 .text.mmc_boot_partition_size_change
                0x17824ee0       0xc4 drivers/mmc/built-in.o
                0x17824ee0                mmc_boot_partition_size_change
 .text.mmc_set_boot_bus_width
                0x17824fa4       0x14 drivers/mmc/built-in.o
                0x17824fa4                mmc_set_boot_bus_width
 .text.mmc_set_part_conf
                0x17824fb8       0x14 drivers/mmc/built-in.o
                0x17824fb8                mmc_set_part_conf
 .text.mmc_set_rst_n_function
                0x17824fcc        0xc drivers/mmc/built-in.o
                0x17824fcc                mmc_set_rst_n_function
 .text.mmc_berase
                0x17824fd8      0x180 drivers/mmc/built-in.o
                0x17824fd8                mmc_berase
 .text.mmc_bwrite
                0x17825158      0x16c drivers/mmc/built-in.o
                0x17825158                mmc_bwrite
 .text.spi_flash_probe_slave
                0x178252c4      0x37c drivers/mtd/spi/built-in.o
                0x178252c4                spi_flash_probe_slave
 .text.spi_flash_probe_tail
                0x17825640       0x4c drivers/mtd/spi/built-in.o
                0x17825640                spi_flash_probe_tail
 .text.spi_flash_probe
                0x1782568c       0x18 drivers/mtd/spi/built-in.o
                0x1782568c                spi_flash_probe
 .text.spi_flash_free
                0x178256a4       0x1c drivers/mtd/spi/built-in.o
                0x178256a4                spi_flash_free
 .text.spi_flash_read_write
                0x178256c0       0x74 drivers/mtd/spi/built-in.o
 .text.spi_flash_cmd_read
                0x17825734       0x1c drivers/mtd/spi/built-in.o
                0x17825734                spi_flash_cmd_read
 .text.spi_flash_cmd
                0x17825750       0x2c drivers/mtd/spi/built-in.o
                0x17825750                spi_flash_cmd
 .text.spi_flash_cmd_write
                0x1782577c       0x1c drivers/mtd/spi/built-in.o
                0x1782577c                spi_flash_cmd_write
 .text.spi_flash_cmd_wait_ready
                0x17825798       0xdc drivers/mtd/spi/built-in.o
                0x17825798                spi_flash_cmd_wait_ready