soc.c:61:5:get_nr_cpus	0	static
soc.c:67:5:get_cpu_rev	0	static
soc.c:96:12:get_board_rev	8	static
soc.c:110:6:init_aips	0	static
soc.c:424:5:arch_cpu_init	8	static
soc.c:530:5:board_postclk_init	8	static
soc.c:551:6:enable_caches	8	static
soc.c:576:6:imx_get_mac_from_fuse	0	static
soc.c:658:6:boot_mode_apply	0	static
soc.c:693:18:get_boot_device	0	static
soc.c:736:6:s_init	8	static
soc.c:780:6:set_wdog_reset	0	static
soc.c:802:6:reset_misc	0	static
soc.c:814:5:check_ldo_bypass	8	static
soc.c:838:5:check_1_2G	8	static
soc.c:869:6:set_arm_freq_400M	0	static
soc.c:879:6:prep_anatop_bypass	0	static
soc.c:902:5:set_anatop_bypass	8	static
soc.c:922:6:finish_anatop_bypass	0	static
soc.c:930:6:imx_enable_hdmi_phy	16	static
soc.c:946:6:imx_setup_hdmi	0	static
soc.c:983:6:v7_outer_cache_enable	0	static
soc.c:1034:6:v7_outer_cache_disable	0	static
